--------- beginning of main
--------- beginning of system
09-03 23:28:27.108   845  2536 D installd: Applied hard quotas for 10097
09-03 23:28:32.054  1174  3289 D AntiVirusService: time: 1567524512054, uid: 10097, method_id: 14001 Action_startProcessLocked
09-03 23:28:32.066  1174  3289 D AntiVirusService: time: 1567524512066, uid: 10097, method_id: 14001 Action_startProcessLocked
09-03 23:28:32.113  1174 11770 D AntiVirusService: time: 1567524512113, uid: 10097, method_id: 1017 Action_registerReceiver Param: , IntentFilter-action_10: android.net.wifi.supplicant.STATE_CHANGE, IntentFilter-action_11: android.net.wifi.RSSI_CHANGED, IntentFilter-action_12: android.net.wifi.CONFIGURED_NETWORKS_CHANGE, IntentFilter-action_13: android.intent.action.HEADSET_PLUG, IntentFilter-action_14: android.intent.action.CONFIGURATION_CHANGED, IntentFilter-action_1: android.net.conn.CONNECTIVITY_CHANGE, IntentFilter-action_2: android.intent.action.SCREEN_OFF, IntentFilter-action_3: android.intent.action.SCREEN_ON, IntentFilter-action_4: android.intent.action.USER_PRESENT, IntentFilter-action_5: android.intent.action.BATTERY_CHANGED, IntentFilter-action_6: android.intent.action.CLOSE_SYSTEM_DIALOGS, IntentFilter-action_7: android.net.wifi.WIFI_STATE_CHANGED, IntentFilter-action_8: android.net.wifi.STATE_CHANGE, IntentFilter-action_9: android.net.wifi.SCAN_RESULTS
09-03 23:28:32.114  1174  3289 D AntiVirusService: time: 1567524512114, uid: 10097, method_id: 1017 Action_registerReceiver Param: , IntentFilter-action_1: android.intent.action.PACKAGE_ADDED, IntentFilter-action_2: android.intent.action.PACKAGE_INSTALL, IntentFilter-action_3: android.intent.action.PACKAGE_REMOVED, IntentFilter-action_4: android.intent.action.MEDIA_UNMOUNTED, IntentFilter-action_5: android.intent.action.MEDIA_EJECT, IntentFilter-action_6: android.intent.action.MEDIA_REMOVED, IntentFilter-action_7: android.intent.action.MEDIA_BAD_REMOVAL, IntentFilter-action_8: android.intent.action.MEDIA_MOUNTED
09-03 23:28:32.115  1174  3289 D AntiVirusService: time: 1567524512114, uid: 10097, method_id: 1017 Action_registerReceiver Param: , IntentFilter-action_1: com.tencent.QQBrowser.action.qqbrowser.uppay, IntentFilter-action_2: com.tencent.mtt.action.jump_result_ok, IntentFilter-action_3: com.tencent.mtt.action.jump_result_cancel, IntentFilter-action_4: com.tencent.QQBrowser.action.weather.REFRESH, IntentFilter-action_5: com.tencent.QQBrowser.action.weather.REFRESH.FAIL, IntentFilter-action_6: com.tencent.mtt.action.siwtch_skin, IntentFilter-action_7: com.tencent.mtt.wifi.BRAND_INFO, IntentFilter-action_8: com.tencent.mtt.browser.homepage.SPLASH, IntentFilter-action_9: common.internal.apdl.notification
09-03 23:28:32.115  1174  3289 D AntiVirusService: time: 1567524512115, uid: 10097, method_id: 1017 Action_registerReceiver Param: , IntentFilter-action_1: android.intent.action.PHONE_STATE
09-03 23:28:32.138  1174 11770 D AntiVirusService: time: 1567524512138, uid: 10097, method_id: 1001 Action_startActivity Param: , intent: Intent { cmp=com.tencent.FileManager/com.tencent.mtt.MainActivity bnds=[854,1104][1123,1516] }
09-03 23:28:32.139  1174 11770 D AntiVirusService: time: 1567524512139, uid: 10097, method_id: 8004 Action_startActivityMayWait
09-03 23:28:32.139  1174 11770 I ActivityManager: START u0 {cmp=com.tencent.FileManager/com.tencent.mtt.MainActivity bnds=[854,1104][1123,1516]} from uid 10097
09-03 23:28:32.153  1174 11770 D AntiVirusService: time: 1567524512153, uid: 10097, method_id: 7005 Action_addWindow Param: , LayoutParams: WM.LayoutParams{(0,0)(fillxfill) sim=#122 ty=1 fl=#1810100 pfl=0x20000 fmt=-2 needsMenuKey=2 colorMode=0}
09-03 23:28:32.171  1174  3289 D AntiVirusService: time: 1567524512171, uid: 10097, method_id: 1001 Action_startActivity Param: , intent: Intent { act=com.tencent.QQBrowser.action.BDTIPS flg=0x10000000 pkg=com.tencent.FileManager (has extras) }
09-03 23:28:32.171  1174  3289 D AntiVirusService: time: 1567524512171, uid: 10097, method_id: 8004 Action_startActivityMayWait
09-03 23:28:32.172  1174  3289 I ActivityManager: START u0 {act=com.tencent.QQBrowser.action.BDTIPS flg=0x10000000 pkg=com.tencent.FileManager cmp=com.tencent.FileManager/com.tencent.mtt.BlockActivity (has extras)} from uid 10097
09-03 23:28:32.175  1174  3289 D AntiVirusService: time: 1567524512175, uid: 10097, method_id: 1005 Action_finishActivity
09-03 23:28:32.196  1174  3289 D AntiVirusService: time: 1567524512196, uid: 10097, method_id: 14001 Action_startProcessLocked
09-03 23:28:32.207  1174  3289 D AntiVirusService: time: 1567524512207, uid: 10097, method_id: 14001 Action_startProcessLocked
09-03 23:28:32.223  1174  3289 D AntiVirusService: time: 1567524512223, uid: 10097, method_id: 1005 Action_finishActivity
09-03 23:28:32.276  1174 11770 D AntiVirusService: time: 1567524512276, uid: 10097, method_id: 1017 Action_registerReceiver Param: , IntentFilter-action_1: android.net.conn.CONNECTIVITY_CHANGE, IntentFilter-action_2: com.tencent.mtt.tencentsim.UPDATE_CACHED_ORDER_STATUS, IntentFilter-action_3: android.intent.action.TIMEZONE_CHANGED
09-03 23:28:32.276  1174  1211 W BroadcastQueue: Permission Denial: broadcasting Intent { act=android.net.conn.CONNECTIVITY_CHANGE flg=0x4000010 (has extras) } from null (pid=-1, uid=-1) requires com.tencent.mtt.broadcast due to registered receiver BroadcastFilter{82e48fe u0 ReceiverList{7499cb9 29485 com.tencent.FileManager:block/10097/u0 remote:f114e80}}
09-03 23:28:32.277  1174  3289 I WifiService: getConfiguredNetworks uid=10097
09-03 23:28:32.278  1174  3289 D AntiVirusService: time: 1567524512278, uid: 10097, method_id: 6001 Action_getActiveNetworkInfo
09-03 23:28:32.283  1174 11770 D AntiVirusService: time: 1567524512283, uid: 10097, method_id: 1002 Action_bindService
09-03 23:28:32.363  1174  3289 D AntiVirusService: time: 1567524512363, uid: 10097, method_id: 6001 Action_getActiveNetworkInfo
09-03 23:28:32.364  1174  3289 I WifiService: getConnectionInfo uid=10097
09-03 23:28:32.365  1174  3289 D AntiVirusService: time: 1567524512365, uid: 10097, method_id: 6001 Action_getActiveNetworkInfo
09-03 23:28:32.370  1174  3289 D AntiVirusService: time: 1567524512370, uid: 10097, method_id: 1017 Action_registerReceiver Param: , IntentFilter-action_1: android.net.conn.CONNECTIVITY_CHANGE
09-03 23:28:32.371  1174  7917 D AntiVirusService: time: 1567524512371, uid: 10097, method_id: 6001 Action_getActiveNetworkInfo
09-03 23:28:32.371  1174  7917 I WifiService: getConnectionInfo uid=10097
09-03 23:28:32.372  1174  7917 D AntiVirusService: time: 1567524512372, uid: 10097, method_id: 6001 Action_getActiveNetworkInfo
09-03 23:28:32.376  1174  7917 D AntiVirusService: time: 1567524512376, uid: 10097, method_id: 6001 Action_getActiveNetworkInfo
09-03 23:28:32.377  1174  7917 I WifiService: getConnectionInfo uid=10097
09-03 23:28:32.378  1174  3289 D AntiVirusService: time: 1567524512378, uid: 10097, method_id: 6001 Action_getActiveNetworkInfo
09-03 23:28:32.378  1174 11770 D AntiVirusService: time: 1567524512378, uid: 10097, method_id: 7005 Action_addWindow Param: , LayoutParams: WM.LayoutParams{(0,0)(fillxfill) sim=#100 ty=1 fl=#81810500 pfl=0x20000 fmt=-3 needsMenuKey=2 colorMode=0}
09-03 23:28:32.380  1174  3289 D AntiVirusService: time: 1567524512380, uid: 10097, method_id: 6001 Action_getActiveNetworkInfo
09-03 23:28:32.380  1174  3289 I WifiService: getConnectionInfo uid=10097
09-03 23:28:32.381  1174 11770 D AntiVirusService: time: 1567524512381, uid: 10097, method_id: 6001 Action_getActiveNetworkInfo
09-03 23:28:32.383  1174  3289 D AntiVirusService: time: 1567524512383, uid: 10097, method_id: 6001 Action_getActiveNetworkInfo
09-03 23:28:32.383  1174  3289 I WifiService: getConnectionInfo uid=10097
09-03 23:28:32.384  1174  3289 D AntiVirusService: time: 1567524512384, uid: 10097, method_id: 6001 Action_getActiveNetworkInfo
09-03 23:28:32.390  1174  3289 D AntiVirusService: time: 1567524512390, uid: 10097, method_id: 6001 Action_getActiveNetworkInfo
09-03 23:28:32.403 29485 29485 I chatty  : uid=10097 com.tencent.FileManager:block identical 1 line
09-03 23:28:32.417  1174 11770 D AntiVirusService: time: 1567524512417, uid: 10097, method_id: 16002 Action_setCanceledOnTouchOutside Param: , cancelable: false
09-03 23:28:32.417  1174 11770 D AntiVirusService: time: 1567524512417, uid: 10097, method_id: 16001 Action_setCancelable Param: , cancelable: false
09-03 23:28:32.427  1174 11770 D AntiVirusService: time: 1567524512427, uid: 10097, method_id: 6001 Action_getActiveNetworkInfo
09-03 23:28:32.428  1174  3289 I WifiService: getConnectionInfo uid=10097
09-03 23:28:32.428  1174 11770 D AntiVirusService: time: 1567524512428, uid: 10097, method_id: 7005 Action_addWindow Param: , LayoutParams: WM.LayoutParams{(0,0)(980xwrap) gr=#11 sim=#120 ty=2 fl=#1800002 fmt=-2 wanim=0x7f0a0030 needsMenuKey=2 colorMode=0}
09-03 23:28:32.429  1174  3289 D AntiVirusService: time: 1567524512429, uid: 10097, method_id: 6001 Action_getActiveNetworkInfo
09-03 23:28:32.433  1174 11770 D AntiVirusService: time: 1567524512433, uid: 10097, method_id: 1017 Action_registerReceiver Param: , IntentFilter-action_1: com.tencent.mtt.operation.res.OPERATION_BROADCAST_ACTION
09-03 23:28:32.434  1174  3289 D AntiVirusService: time: 1567524512433, uid: 10097, method_id: 6001 Action_getActiveNetworkInfo
09-03 23:28:32.434  1174 11770 I WifiService: getConnectionInfo uid=10097
09-03 23:28:32.435  1174 11770 D AntiVirusService: time: 1567524512435, uid: 10097, method_id: 6001 Action_getActiveNetworkInfo
09-03 23:28:32.435  1174 11770 D AntiVirusService: time: 1567524512435, uid: 10097, method_id: 15010 Action_ContentResolverquery Param: , uri: content://com.tencent.FileManager.operation_data/operation
09-03 23:28:32.468  1174 11770 D AntiVirusService: time: 1567524512468, uid: 10097, method_id: 6001 Action_getActiveNetworkInfo
09-03 23:28:32.469  1174 11770 D AntiVirusService: time: 1567524512469, uid: 10097, method_id: 6001 Action_getActiveNetworkInfo
09-03 23:28:32.470  1174 11770 D AntiVirusService: time: 1567524512470, uid: 10097, method_id: 6001 Action_getActiveNetworkInfo
09-03 23:28:32.473  1174 11770 D AntiVirusService: time: 1567524512473, uid: 10097, method_id: 6001 Action_getActiveNetworkInfo
09-03 23:28:32.476  1174 11770 I WifiService: getConnectionInfo uid=10097
09-03 23:28:32.477  1174 11770 I WifiService: getConnectionInfo uid=10097
09-03 23:28:32.478  1174 11770 D AntiVirusService: time: 1567524512478, uid: 10097, method_id: 6001 Action_getActiveNetworkInfo
09-03 23:28:32.478  1174 11770 I WifiService: getConnectionInfo uid=10097
09-03 23:28:32.479  1174 11770 D AntiVirusService: time: 1567524512479, uid: 10097, method_id: 6001 Action_getActiveNetworkInfo
09-03 23:28:32.489  1174  3289 D AntiVirusService: time: 1567524512488, uid: 10097, method_id: 6001 Action_getActiveNetworkInfo
09-03 23:28:32.489  1174  3289 I WifiService: getConnectionInfo uid=10097
09-03 23:28:32.490  1174  3289 D AntiVirusService: time: 1567524512490, uid: 10097, method_id: 6001 Action_getActiveNetworkInfo
09-03 23:28:32.534  1174 11770 D AntiVirusService: time: 1567524512534, uid: 10097, method_id: 6001 Action_getActiveNetworkInfo
09-03 23:28:32.534  1174 11770 D AntiVirusService: time: 1567524512534, uid: 10097, method_id: 6001 Action_getActiveNetworkInfo
09-03 23:28:32.629  1174 11770 D AntiVirusService: time: 1567524512629, uid: 10097, method_id: 6001 Action_getActiveNetworkInfo
09-03 23:28:32.635  1174 11770 D AntiVirusService: time: 1567524512635, uid: 10097, method_id: 6001 Action_getActiveNetworkInfo
09-03 23:28:32.636  1174 11770 D AntiVirusService: time: 1567524512636, uid: 10097, method_id: 6001 Action_getActiveNetworkInfo
09-03 23:28:32.636  1174  3289 I WifiService: getConnectionInfo uid=10097
09-03 23:28:32.636  1174  3289 I WifiService: getConnectionInfo uid=10097
09-03 23:28:32.662  1174  3289 D AntiVirusService: time: 1567524512662, uid: 10097, method_id: 15003 Action_getSubscriberIdForSubscriber
09-03 23:28:32.667  1174  3289 D AntiVirusService: time: 1567524512667, uid: 10097, method_id: 1017 Action_registerReceiver Param: , IntentFilter-action_1: android.net.conn.CONNECTIVITY_CHANGE
09-03 23:28:32.714  1174  3289 D AntiVirusService: time: 1567524512714, uid: 10097, method_id: 6001 Action_getActiveNetworkInfo
09-03 23:28:32.715  1174  3289 D AntiVirusService: time: 1567524512715, uid: 10097, method_id: 6001 Action_getActiveNetworkInfo
09-03 23:28:32.716  1174  3289 D AntiVirusService: time: 1567524512716, uid: 10097, method_id: 15003 Action_getSubscriberIdForSubscriber
09-03 23:28:32.718  1174  3289 D AntiVirusService: time: 1567524512718, uid: 10097, method_id: 6001 Action_getActiveNetworkInfo
09-03 23:28:32.721  1174  3289 D AntiVirusService: time: 1567524512721, uid: 10097, method_id: 6001 Action_getActiveNetworkInfo
09-03 23:28:32.724  1174  3289 D AntiVirusService: time: 1567524512724, uid: 10097, method_id: 6001 Action_getActiveNetworkInfo
09-03 23:28:32.724  1174  3289 D AntiVirusService: time: 1567524512724, uid: 10097, method_id: 6001 Action_getActiveNetworkInfo
09-03 23:28:32.734  1174  3289 D AntiVirusService: time: 1567524512734, uid: 10097, method_id: 6004 Action_getNetworkInfo
09-03 23:28:32.734  1174  3289 D AntiVirusService: time: 1567524512734, uid: 10097, method_id: 6004 Action_getNetworkInfo
09-03 23:28:32.889  1174  3289 D AntiVirusService: time: 1567524512889, uid: 10097, method_id: 6001 Action_getActiveNetworkInfo
09-03 23:28:32.891  1174 11770 I WifiService: getConnectionInfo uid=10097
09-03 23:28:32.892  1174 11770 I WifiService: getConnectionInfo uid=10097
09-03 23:28:33.137  1174  3289 D AntiVirusService: time: 1567524513137, uid: 10097, method_id: 6001 Action_getActiveNetworkInfo
09-03 23:28:33.151  1174  3289 D AntiVirusService: time: 1567524513151, uid: 10097, method_id: 6001 Action_getActiveNetworkInfo
09-03 23:28:33.152  1174 11770 D AntiVirusService: time: 1567524513152, uid: 10097, method_id: 6001 Action_getActiveNetworkInfo
09-03 23:28:33.152  1174  3289 D AntiVirusService: time: 1567524513152, uid: 10097, method_id: 6001 Action_getActiveNetworkInfo
09-03 23:28:33.153  1174  3289 D AntiVirusService: time: 1567524513153, uid: 10097, method_id: 6001 Action_getActiveNetworkInfo
09-03 23:28:33.155  1174  3289 D AntiVirusService: time: 1567524513155, uid: 10097, method_id: 6001 Action_getActiveNetworkInfo
09-03 23:28:33.157  1174  3289 I WifiService: getConnectionInfo uid=10097
09-03 23:28:33.157  1174  3289 I WifiService: getConnectionInfo uid=10097
09-03 23:28:33.155  1174  3289 D AntiVirusService: time: 1567524513155, uid: 10097, method_id: 6001 Action_getActiveNetworkInfo
09-03 23:28:33.158  1174  3289 D AntiVirusService: time: 1567524513158, uid: 10097, method_id: 6001 Action_getActiveNetworkInfo
09-03 23:28:33.161  1174  3289 D AntiVirusService: time: 1567524513161, uid: 10097, method_id: 6001 Action_getActiveNetworkInfo
09-03 23:28:33.161  1174  3289 D AntiVirusService: time: 1567524513161, uid: 10097, method_id: 6001 Action_getActiveNetworkInfo
09-03 23:28:33.162  1174  3289 D AntiVirusService: time: 1567524513162, uid: 10097, method_id: 6001 Action_getActiveNetworkInfo
09-03 23:28:33.392  1174  3289 D AntiVirusService: time: 1567524513392, uid: 10097, method_id: 6001 Action_getActiveNetworkInfo
09-03 23:28:33.393  1174  3289 D AntiVirusService: time: 1567524513393, uid: 10097, method_id: 6001 Action_getActiveNetworkInfo
09-03 23:28:33.393  1174  3289 D AntiVirusService: time: 1567524513393, uid: 10097, method_id: 6001 Action_getActiveNetworkInfo
09-03 23:28:33.404  1174  3289 D AntiVirusService: time: 1567524513404, uid: 10097, method_id: 6001 Action_getActiveNetworkInfo
09-03 23:28:33.408  1174  3289 D AntiVirusService: time: 1567524513408, uid: 10097, method_id: 6001 Action_getActiveNetworkInfo
09-03 23:28:33.412  1174  3289 D AntiVirusService: time: 1567524513412, uid: 10097, method_id: 6001 Action_getActiveNetworkInfo
09-03 23:28:33.412  1174  3289 D AntiVirusService: time: 1567524513412, uid: 10097, method_id: 6001 Action_getActiveNetworkInfo
09-03 23:28:33.413  1174  3289 D AntiVirusService: time: 1567524513413, uid: 10097, method_id: 6001 Action_getActiveNetworkInfo
09-03 23:28:33.415  1174  3289 D AntiVirusService: time: 1567524513415, uid: 10097, method_id: 6001 Action_getActiveNetworkInfo
09-03 23:28:33.415  1174  3289 D AntiVirusService: time: 1567524513415, uid: 10097, method_id: 6001 Action_getActiveNetworkInfo
09-03 23:28:33.434  1174 11770 D AntiVirusService: time: 1567524513434, uid: 10097, method_id: 1001 Action_startActivity Param: , intent: Intent { act=android.content.pm.action.REQUEST_PERMISSIONS pkg=com.android.packageinstaller (has extras) }
09-03 23:28:33.434  1174 11770 D AntiVirusService: time: 1567524513434, uid: 10097, method_id: 8004 Action_startActivityMayWait
09-03 23:28:33.435  1174 11770 I ActivityManager: START u0 {act=android.content.pm.action.REQUEST_PERMISSIONS pkg=com.android.packageinstaller cmp=com.android.packageinstaller/.permission.ui.GrantPermissionsActivity (has extras)} from uid 10097
09-03 23:28:33.444  1174  3289 D AntiVirusService: time: 1567524513444, uid: 10097, method_id: 6001 Action_getActiveNetworkInfo
09-03 23:28:33.463  1174  3289 D AntiVirusService: time: 1567524513463, uid: 10097, method_id: 6001 Action_getActiveNetworkInfo
09-03 23:28:34.182  1174  3289 D VoldConnector: SND -> {103 volume remount_uid 10097 read}
09-03 23:28:34.183   663   673 D vold    : Remounting 10097 as mode read
09-03 23:28:34.205  1174  3289 D VoldConnector: SND -> {104 volume remount_uid 10097 write}
09-03 23:28:34.206   663   673 D vold    : Remounting 10097 as mode write
09-03 23:28:34.243  1174 11770 D AntiVirusService: time: 1567524514243, uid: 10097, method_id: 1001 Action_startActivity Param: , intent: Intent { flg=0x10000000 cmp=com.tencent.FileManager/com.tencent.mtt.MainActivity bnds=[854,1104][1123,1516] (has extras) }
09-03 23:28:34.243  1174 11770 D AntiVirusService: time: 1567524514243, uid: 10097, method_id: 8004 Action_startActivityMayWait
09-03 23:28:34.270  1174 11770 I ActivityManager: START u0 {flg=0x10000000 cmp=com.tencent.FileManager/com.tencent.mtt.MainActivity bnds=[854,1104][1123,1516] (has extras)} from uid 10097
09-03 23:28:34.352  1174  7917 D AntiVirusService: time: 1567524514352, uid: 10097, method_id: 1017 Action_registerReceiver Param: , IntentFilter-action_1: com.tencent.mtt.wifi.FST_FREE_WIFI_CHECK_DONE
09-03 23:28:34.396  1174  7917 D AntiVirusService: time: 1567524514396, uid: 10097, method_id: 1012 Action_setRequestedOrientation
09-03 23:28:34.406  1174  7917 D AntiVirusService: time: 1567524514406, uid: 10097, method_id: 7005 Action_addWindow Param: , LayoutParams: WM.LayoutParams{(0,0)(fillxfill) sim=#122 ty=1 fl=#81810100 pfl=0x20000 fmt=-3 vsysui=0x2400 needsMenuKey=2 colorMode=0}
09-03 23:28:34.410  1174  7917 D AntiVirusService: time: 1567524514410, uid: 10097, method_id: 6001 Action_getActiveNetworkInfo
09-03 23:28:34.411  1174  7917 D AntiVirusService: time: 1567524514411, uid: 10097, method_id: 6001 Action_getActiveNetworkInfo
09-03 23:28:34.411  1174  7917 I WifiService: getConnectionInfo uid=10097
09-03 23:28:34.412  1174  7917 D AntiVirusService: time: 1567524514412, uid: 10097, method_id: 6001 Action_getActiveNetworkInfo
09-03 23:28:34.421  1174 11770 D AntiVirusService: time: 1567524514421, uid: 10097, method_id: 1017 Action_registerReceiver Param: , IntentFilter-action_1: android.intent.action.MEDIA_UNMOUNTED, IntentFilter-action_2: android.intent.action.MEDIA_EJECT, IntentFilter-action_3: android.intent.action.MEDIA_REMOVED, IntentFilter-action_4: android.intent.action.MEDIA_BAD_REMOVAL, IntentFilter-action_5: android.intent.action.MEDIA_MOUNTED
09-03 23:28:34.437  1174  7865 D AntiVirusService: time: 1567524514437, uid: 10097, method_id: 6001 Action_getActiveNetworkInfo
09-03 23:28:34.438  1174  7865 D AntiVirusService: time: 1567524514438, uid: 10097, method_id: 6001 Action_getActiveNetworkInfo
09-03 23:28:34.438  1174  7865 I WifiService: getConnectionInfo uid=10097
09-03 23:28:34.441  1174  7865 D AntiVirusService: time: 1567524514441, uid: 10097, method_id: 6001 Action_getActiveNetworkInfo
09-03 23:28:34.442  1174  7917 D AntiVirusService: time: 1567524514442, uid: 10097, method_id: 6001 Action_getActiveNetworkInfo
09-03 23:28:34.443  1174  7917 I WifiService: getConnectionInfo uid=10097
09-03 23:28:34.444  1174  7917 D AntiVirusService: time: 1567524514443, uid: 10097, method_id: 6001 Action_getActiveNetworkInfo
09-03 23:28:34.454  1174  7917 I WifiService: getConnectionInfo uid=10097
09-03 23:28:34.457  1174  7865 D AntiVirusService: time: 1567524514457, uid: 10097, method_id: 6001 Action_getActiveNetworkInfo
09-03 23:28:34.457  1174  7865 I WifiService: getConnectionInfo uid=10097
09-03 23:28:34.458  1174  7865 D AntiVirusService: time: 1567524514458, uid: 10097, method_id: 6001 Action_getActiveNetworkInfo
09-03 23:28:34.461  1174  7865 D AntiVirusService: time: 1567524514461, uid: 10097, method_id: 6001 Action_getActiveNetworkInfo
09-03 23:28:34.461  1174  7865 I WifiService: getConnectionInfo uid=10097
09-03 23:28:34.462  1174  7865 D AntiVirusService: time: 1567524514462, uid: 10097, method_id: 6001 Action_getActiveNetworkInfo
09-03 23:28:34.467  1174  7865 D AntiVirusService: time: 1567524514467, uid: 10097, method_id: 6001 Action_getActiveNetworkInfo
09-03 23:28:34.468  1174  7865 I WifiService: getConnectionInfo uid=10097
09-03 23:28:34.469  1174  7865 D AntiVirusService: time: 1567524514469, uid: 10097, method_id: 6001 Action_getActiveNetworkInfo
09-03 23:28:34.472  1174  7865 D AntiVirusService: time: 1567524514472, uid: 10097, method_id: 6001 Action_getActiveNetworkInfo
09-03 23:28:34.475  1174  7865 I WifiService: getConnectionInfo uid=10097
09-03 23:28:34.480  1174  7865 D AntiVirusService: time: 1567524514480, uid: 10097, method_id: 1017 Action_registerReceiver Param: , IntentFilter-action_1: android.intent.action.MEDIA_UNMOUNTED, IntentFilter-action_2: android.intent.action.MEDIA_EJECT, IntentFilter-action_3: android.intent.action.MEDIA_REMOVED, IntentFilter-action_4: android.intent.action.MEDIA_BAD_REMOVAL, IntentFilter-action_5: android.intent.action.MEDIA_MOUNTED
09-03 23:28:34.507  1174  7865 D AntiVirusService: time: 1567524514507, uid: 10097, method_id: 6001 Action_getActiveNetworkInfo
09-03 23:28:34.516  1174  7865 D AntiVirusService: time: 1567524514516, uid: 10097, method_id: 6001 Action_getActiveNetworkInfo
09-03 23:28:34.518  1174  7865 D AntiVirusService: time: 1567524514518, uid: 10097, method_id: 6001 Action_getActiveNetworkInfo
09-03 23:28:34.519  1174  7865 D AntiVirusService: time: 1567524514519, uid: 10097, method_id: 6001 Action_getActiveNetworkInfo
09-03 23:28:34.519  1174  7865 I WifiService: getConnectionInfo uid=10097
09-03 23:28:34.520  1174  7865 I WifiService: getConnectionInfo uid=10097
09-03 23:28:34.541  1174  7865 D AntiVirusService: time: 1567524514541, uid: 10097, method_id: 6001 Action_getActiveNetworkInfo
09-03 23:28:34.541  1174  7865 D AntiVirusService: time: 1567524514541, uid: 10097, method_id: 6001 Action_getActiveNetworkInfo
09-03 23:28:34.563  1174  7865 D AntiVirusService: time: 1567524514563, uid: 10097, method_id: 6001 Action_getActiveNetworkInfo
09-03 23:28:34.563  1174  7917 D AntiVirusService: time: 1567524514563, uid: 10097, method_id: 6001 Action_getActiveNetworkInfo
09-03 23:28:34.564  1174  7865 I WifiService: getConnectionInfo uid=10097
09-03 23:28:34.566  1174  7865 I WifiService: getConnectionInfo uid=10097
09-03 23:28:34.570  1174  7917 D AntiVirusService: time: 1567524514570, uid: 10097, method_id: 6001 Action_getActiveNetworkInfo
09-03 23:28:34.571  1174  7917 D AntiVirusService: time: 1567524514571, uid: 10097, method_id: 6001 Action_getActiveNetworkInfo
09-03 23:28:34.573  1174  7917 I WifiService: getConnectionInfo uid=10097
09-03 23:28:34.629  1174 11770 D AntiVirusService: time: 1567524514629, uid: 10097, method_id: 12001 Action_getInstalledPackages
09-03 23:28:34.629  1174  7865 D AntiVirusService: time: 1567524514629, uid: 10097, method_id: 6001 Action_getActiveNetworkInfo
09-03 23:28:34.633  1174  7865 D AntiVirusService: time: 1567524514633, uid: 10097, method_id: 6001 Action_getActiveNetworkInfo
09-03 23:28:34.638  1174  2690 D AntiVirusService: time: 1567524514638, uid: 10097, method_id: 6001 Action_getActiveNetworkInfo
09-03 23:28:34.641  1174  7865 I WifiService: getConnectionInfo uid=10097
09-03 23:28:34.647  1174  7865 D AntiVirusService: time: 1567524514647, uid: 10097, method_id: 6001 Action_getActiveNetworkInfo
09-03 23:28:34.649  1174 11770 D AntiVirusService: time: 1567524514649, uid: 10097, method_id: 6001 Action_getActiveNetworkInfo
09-03 23:28:34.651  1174 11770 I WifiService: getConnectionInfo uid=10097
09-03 23:28:34.675  1174  7865 D AntiVirusService: time: 1567524514675, uid: 10097, method_id: 1017 Action_registerReceiver Param: , IntentFilter-action_1: com.tencent.QQBrowser.action.freewifi.connected
09-03 23:28:34.675  1174  7865 D AntiVirusService: time: 1567524514675, uid: 10097, method_id: 6001 Action_getActiveNetworkInfo
09-03 23:28:34.678  1174  7865 I WifiService: getConnectionInfo uid=10097
09-03 23:28:34.684  1174  7865 D AntiVirusService: time: 1567524514684, uid: 10097, method_id: 1017 Action_registerReceiver Param: , IntentFilter-action_1: android.net.conn.CONNECTIVITY_CHANGE, IntentFilter-action_2: com.tencent.mtt.tencentsim.UPDATE_CACHED_ORDER_STATUS, IntentFilter-action_3: android.intent.action.TIMEZONE_CHANGED
09-03 23:28:34.684  1174  1211 W BroadcastQueue: Permission Denial: broadcasting Intent { act=android.net.conn.CONNECTIVITY_CHANGE flg=0x4000010 (has extras) } from null (pid=-1, uid=-1) requires com.tencent.mtt.broadcast due to registered receiver BroadcastFilter{269e721 u0 ReceiverList{c442188 29458 com.tencent.FileManager/10097/u0 remote:968b92b}}
09-03 23:28:34.699  1174  7865 D AntiVirusService: time: 1567524514699, uid: 10097, method_id: 6001 Action_getActiveNetworkInfo
09-03 23:28:34.699  1174 11770 D AntiVirusService: time: 1567524514699, uid: 10097, method_id: 1017 Action_registerReceiver Param: , IntentFilter-action_1: android.net.conn.CONNECTIVITY_CHANGE
09-03 23:28:34.700  1174  7865 I WifiService: getConnectionInfo uid=10097
09-03 23:28:34.700  1174 11770 D AntiVirusService: time: 1567524514700, uid: 10097, method_id: 1017 Action_registerReceiver Param: , IntentFilter-action_1: android.intent.action.USER_PRESENT, IntentFilter-action_2: android.intent.action.SCREEN_OFF
09-03 23:28:34.701  1174  7865 D AntiVirusService: time: 1567524514701, uid: 10097, method_id: 6001 Action_getActiveNetworkInfo
09-03 23:28:34.713  1174 11770 D AntiVirusService: time: 1567524514713, uid: 10097, method_id: 6001 Action_getActiveNetworkInfo
09-03 23:28:34.713  1174  2690 D AntiVirusService: time: 1567524514713, uid: 10097, method_id: 6001 Action_getActiveNetworkInfo
09-03 23:28:34.716  1174  2690 D AntiVirusService: time: 1567524514715, uid: 10097, method_id: 6001 Action_getActiveNetworkInfo
09-03 23:28:34.716  1174  2690 D AntiVirusService: time: 1567524514716, uid: 10097, method_id: 15003 Action_getSubscriberIdForSubscriber
09-03 23:28:34.716  1174  2690 D AntiVirusService: time: 1567524514716, uid: 10097, method_id: 6001 Action_getActiveNetworkInfo
09-03 23:28:34.719  1174 11770 I WifiService: getConnectionInfo uid=10097
09-03 23:28:34.748 29458 29458 I chatty  : uid=10097(com.tencent.FileManager) identical 1 line
09-03 23:28:34.765  1174 11770 D AntiVirusService: time: 1567524514765, uid: 10097, method_id: 6001 Action_getActiveNetworkInfo
09-03 23:28:34.769  1174 11770 D AntiVirusService: time: 1567524514769, uid: 10097, method_id: 6001 Action_getActiveNetworkInfo
09-03 23:28:34.770  1174 11770 D AntiVirusService: time: 1567524514770, uid: 10097, method_id: 6001 Action_getActiveNetworkInfo
09-03 23:28:34.771  1174 11770 I WifiService: getConnectionInfo uid=10097
09-03 23:28:34.773  1174 11770 D AntiVirusService: time: 1567524514773, uid: 10097, method_id: 6001 Action_getActiveNetworkInfo
09-03 23:28:34.774  1174  2690 I WifiService: getWifiEnabledState uid=10097
09-03 23:28:34.776  1174  2690 I WifiService: getConnectionInfo uid=10097
09-03 23:28:34.786  1174  2690 D AntiVirusService: time: 1567524514786, uid: 10097, method_id: 15003 Action_getSubscriberIdForSubscriber
09-03 23:28:34.797  1174 11770 D AntiVirusService: time: 1567524514797, uid: 10097, method_id: 6001 Action_getActiveNetworkInfo
09-03 23:28:34.798  1174 11770 D AntiVirusService: time: 1567524514798, uid: 10097, method_id: 6001 Action_getActiveNetworkInfo
09-03 23:28:34.798  1174  2690 D AntiVirusService: time: 1567524514798, uid: 10097, method_id: 6001 Action_getActiveNetworkInfo
09-03 23:28:34.799  1174  2690 D AntiVirusService: time: 1567524514799, uid: 10097, method_id: 6001 Action_getActiveNetworkInfo
09-03 23:28:34.808  1174 11770 D AntiVirusService: time: 1567524514808, uid: 10097, method_id: 6001 Action_getActiveNetworkInfo
09-03 23:28:34.808  1174 11770 I WifiService: getConnectionInfo uid=10097
09-03 23:28:34.808  1174 11770 D AntiVirusService: time: 1567524514808, uid: 10097, method_id: 6001 Action_getActiveNetworkInfo
09-03 23:28:34.813  1174 11770 D AntiVirusService: time: 1567524514813, uid: 10097, method_id: 6001 Action_getActiveNetworkInfo
09-03 23:28:34.817  1174 11770 I WifiService: getConnectionInfo uid=10097
09-03 23:28:34.819  1174  2690 D AntiVirusService: time: 1567524514819, uid: 10097, method_id: 6001 Action_getActiveNetworkInfo
09-03 23:28:34.830  1174  2690 D AntiVirusService: time: 1567524514830, uid: 10097, method_id: 6001 Action_getActiveNetworkInfo
09-03 23:28:34.831  1174  2690 D AntiVirusService: time: 1567524514831, uid: 10097, method_id: 6001 Action_getActiveNetworkInfo
09-03 23:28:34.834 29458 29559 I chatty  : uid=10097(com.tencent.FileManager) TP-Network-2 identical 2 lines
09-03 23:28:34.831  1174  2690 D AntiVirusService: time: 1567524514831, uid: 10097, method_id: 6001 Action_getActiveNetworkInfo
09-03 23:28:34.985  1174 11770 D AntiVirusService: time: 1567524514985, uid: 10097, method_id: 15003 Action_getSubscriberIdForSubscriber
09-03 23:28:34.991  1174 11770 I WifiService: getConnectionInfo uid=10097
09-03 23:28:34.994  1174 11770 D AntiVirusService: time: 1567524514994, uid: 10097, method_id: 6001 Action_getActiveNetworkInfo
09-03 23:28:34.997  1174  2690 D AntiVirusService: time: 1567524514997, uid: 10097, method_id: 6001 Action_getActiveNetworkInfo
09-03 23:28:35.011  1174  7865 D AntiVirusService: time: 1567524515011, uid: 10097, method_id: 6001 Action_getActiveNetworkInfo
09-03 23:28:35.012  1174  7865 D AntiVirusService: time: 1567524515012, uid: 10097, method_id: 6001 Action_getActiveNetworkInfo
09-03 23:28:35.014 29458 29515 I chatty  : uid=10097(com.tencent.FileManager) TP-Network-1 identical 2 lines
09-03 23:28:35.012  1174  7865 D AntiVirusService: time: 1567524515012, uid: 10097, method_id: 6001 Action_getActiveNetworkInfo
09-03 23:28:35.038  1174  7865 D AntiVirusService: time: 1567524515038, uid: 10097, method_id: 1003 Action_broadcastIntent Param: , intent: Intent { act=com.tencent.QQBrowser.action.residentnotification.REFRESH }
09-03 23:28:35.039  1174  7865 D AntiVirusService: time: 1567524515039, uid: 10097, method_id: 1003 Action_broadcastIntent Param: , intent: Intent { act=com.tencent.QQBrowser.action.guidchanged pkg=com.tencent.FileManager }
09-03 23:28:35.041  1174  7865 D AntiVirusService: time: 1567524515041, uid: 10097, method_id: 6001 Action_getActiveNetworkInfo
09-03 23:28:35.042  1174  7865 D AntiVirusService: time: 1567524515042, uid: 10097, method_id: 6001 Action_getActiveNetworkInfo
09-03 23:28:35.044 29458 29559 I chatty  : uid=10097(com.tencent.FileManager) TP-Network-2 identical 2 lines
09-03 23:28:35.042  1174  7865 D AntiVirusService: time: 1567524515042, uid: 10097, method_id: 6001 Action_getActiveNetworkInfo
09-03 23:28:35.051  1174  7865 D AntiVirusService: time: 1567524515051, uid: 10097, method_id: 1003 Action_broadcastIntent Param: , intent: Intent { act=com.tencent.mtt.ResidentNotification.dataChange (has extras) }
09-03 23:28:35.116  1174 11770 D AntiVirusService: time: 1567524515116, uid: 10097, method_id: 6001 Action_getActiveNetworkInfo
09-03 23:28:35.118  1174 11770 D AntiVirusService: time: 1567524515118, uid: 10097, method_id: 6001 Action_getActiveNetworkInfo
09-03 23:28:35.119  1174 11770 D AntiVirusService: time: 1567524515119, uid: 10097, method_id: 6001 Action_getActiveNetworkInfo
09-03 23:28:35.119  1174 11770 D AntiVirusService: time: 1567524515119, uid: 10097, method_id: 6001 Action_getActiveNetworkInfo
09-03 23:28:35.120  1174 11770 D AntiVirusService: time: 1567524515120, uid: 10097, method_id: 6001 Action_getActiveNetworkInfo
09-03 23:28:35.122  1174 11770 D AntiVirusService: time: 1567524515122, uid: 10097, method_id: 6001 Action_getActiveNetworkInfo
09-03 23:28:35.123  1174 11770 D AntiVirusService: time: 1567524515123, uid: 10097, method_id: 6001 Action_getActiveNetworkInfo
09-03 23:28:35.123  1174 11770 D AntiVirusService: time: 1567524515123, uid: 10097, method_id: 6001 Action_getActiveNetworkInfo
09-03 23:28:35.124  1174 11770 D AntiVirusService: time: 1567524515124, uid: 10097, method_id: 6001 Action_getActiveNetworkInfo
09-03 23:28:35.124  1174 11770 D AntiVirusService: time: 1567524515124, uid: 10097, method_id: 6001 Action_getActiveNetworkInfo
09-03 23:28:35.125  1174 11770 D AntiVirusService: time: 1567524515125, uid: 10097, method_id: 6001 Action_getActiveNetworkInfo
09-03 23:28:35.125  1174 11770 D AntiVirusService: time: 1567524515125, uid: 10097, method_id: 6001 Action_getActiveNetworkInfo
09-03 23:28:35.126  1174 11770 D AntiVirusService: time: 1567524515126, uid: 10097, method_id: 6001 Action_getActiveNetworkInfo
09-03 23:28:35.125 29458 29528 I chatty  : uid=10097(com.tencent.FileManager) identical 8 lines
09-03 23:28:35.128  1174  7865 D AntiVirusService: time: 1567524515128, uid: 10097, method_id: 6001 Action_getActiveNetworkInfo
09-03 23:28:35.129  1174  7865 D AntiVirusService: time: 1567524515129, uid: 10097, method_id: 6001 Action_getActiveNetworkInfo
09-03 23:28:35.129  1174  7865 D AntiVirusService: time: 1567524515129, uid: 10097, method_id: 6001 Action_getActiveNetworkInfo
09-03 23:28:35.130  1174  7865 D AntiVirusService: time: 1567524515130, uid: 10097, method_id: 6001 Action_getActiveNetworkInfo
09-03 23:28:35.130  1174  7865 D AntiVirusService: time: 1567524515130, uid: 10097, method_id: 6001 Action_getActiveNetworkInfo
09-03 23:28:35.131  1174  7865 D AntiVirusService: time: 1567524515131, uid: 10097, method_id: 6001 Action_getActiveNetworkInfo
09-03 23:28:35.130 29458 29528 I chatty  : uid=10097(com.tencent.FileManager) identical 4 lines
09-03 23:28:35.132  1174  7865 D AntiVirusService: time: 1567524515132, uid: 10097, method_id: 6001 Action_getActiveNetworkInfo
09-03 23:28:35.138  1174  7865 D AntiVirusService: time: 1567524515138, uid: 10097, method_id: 6001 Action_getActiveNetworkInfo
09-03 23:28:35.139  1174  7865 I WifiService: getConnectionInfo uid=10097
09-03 23:28:35.139  1174  7865 D AntiVirusService: time: 1567524515139, uid: 10097, method_id: 6001 Action_getActiveNetworkInfo
09-03 23:28:35.142  1174  7865 D AntiVirusService: time: 1567524515142, uid: 10097, method_id: 6001 Action_getActiveNetworkInfo
09-03 23:28:35.143  1174  7865 D AntiVirusService: time: 1567524515143, uid: 10097, method_id: 6001 Action_getActiveNetworkInfo
09-03 23:28:35.145  1174  7865 D AntiVirusService: time: 1567524515145, uid: 10097, method_id: 6001 Action_getActiveNetworkInfo
09-03 23:28:35.149 29458 29515 I chatty  : uid=10097(com.tencent.FileManager) TP-Network-1 identical 2 lines
09-03 23:28:35.528  1174  7865 D AntiVirusService: time: 1567524515528, uid: 10097, method_id: 6001 Action_getActiveNetworkInfo
09-03 23:28:35.530  1174 11770 D AntiVirusService: time: 1567524515530, uid: 10097, method_id: 6001 Action_getActiveNetworkInfo
09-03 23:28:35.531  1174 11770 D AntiVirusService: time: 1567524515531, uid: 10097, method_id: 6001 Action_getActiveNetworkInfo
09-03 23:28:35.531  1174 11770 D AntiVirusService: time: 1567524515531, uid: 10097, method_id: 6001 Action_getActiveNetworkInfo
09-03 23:28:35.532  1174 11770 D AntiVirusService: time: 1567524515532, uid: 10097, method_id: 6001 Action_getActiveNetworkInfo
09-03 23:28:35.533  1174 11770 D AntiVirusService: time: 1567524515532, uid: 10097, method_id: 6001 Action_getActiveNetworkInfo
09-03 23:28:35.533  1174 11770 D AntiVirusService: time: 1567524515533, uid: 10097, method_id: 6001 Action_getActiveNetworkInfo
09-03 23:28:35.533  1174 11770 D AntiVirusService: time: 1567524515533, uid: 10097, method_id: 6001 Action_getActiveNetworkInfo
09-03 23:28:35.534  1174 11770 D AntiVirusService: time: 1567524515534, uid: 10097, method_id: 6001 Action_getActiveNetworkInfo
09-03 23:28:35.534  1174 11770 D AntiVirusService: time: 1567524515534, uid: 10097, method_id: 6001 Action_getActiveNetworkInfo
09-03 23:28:35.535  1174 11770 D AntiVirusService: time: 1567524515535, uid: 10097, method_id: 6001 Action_getActiveNetworkInfo
09-03 23:28:35.535  1174 11770 D AntiVirusService: time: 1567524515535, uid: 10097, method_id: 6001 Action_getActiveNetworkInfo
09-03 23:28:35.536  1174 11770 D AntiVirusService: time: 1567524515536, uid: 10097, method_id: 6001 Action_getActiveNetworkInfo
09-03 23:28:35.536  1174 11770 D AntiVirusService: time: 1567524515536, uid: 10097, method_id: 6001 Action_getActiveNetworkInfo
09-03 23:28:35.537  1174 11770 D AntiVirusService: time: 1567524515537, uid: 10097, method_id: 6001 Action_getActiveNetworkInfo
09-03 23:28:35.538  1174 11770 D AntiVirusService: time: 1567524515537, uid: 10097, method_id: 6001 Action_getActiveNetworkInfo
09-03 23:28:35.581  1174 11770 D AntiVirusService: time: 1567524515581, uid: 10097, method_id: 1003 Action_broadcastIntent Param: , intent: Intent { act=android.intent.action.MEDIA_SCANNER_SCAN_FILE dat=file:///storage/emulated/0/TencentFileMgr/plugins/com.tencent.qb.plugin.butteraugli/com.tencent.qb.plugin.butteraugli1.zip }
09-03 23:28:35.676  1174 11770 D AntiVirusService: time: 1567524515676, uid: 10097, method_id: 6001 Action_getActiveNetworkInfo
09-03 23:28:35.677  1174 11770 D AntiVirusService: time: 1567524515677, uid: 10097, method_id: 6001 Action_getActiveNetworkInfo
09-03 23:28:35.683  1174 11770 D AntiVirusService: time: 1567524515683, uid: 10097, method_id: 6001 Action_getActiveNetworkInfo
09-03 23:28:35.685  1174 11770 D AntiVirusService: time: 1567524515685, uid: 10097, method_id: 6001 Action_getActiveNetworkInfo
09-03 23:28:35.686  1174 11770 D AntiVirusService: time: 1567524515686, uid: 10097, method_id: 6001 Action_getActiveNetworkInfo
09-03 23:28:35.726  1174 11770 D AntiVirusService: time: 1567524515726, uid: 10097, method_id: 6001 Action_getActiveNetworkInfo
09-03 23:28:35.690 29458 29573 I chatty  : uid=10097(com.tencent.FileManager) identical 2 lines
09-03 23:28:35.727  1174 11770 D AntiVirusService: time: 1567524515727, uid: 10097, method_id: 6001 Action_getActiveNetworkInfo
09-03 23:28:35.727  1174  7865 D AntiVirusService: time: 1567524515727, uid: 10097, method_id: 6001 Action_getActiveNetworkInfo
09-03 23:28:35.727  1174 11770 D AntiVirusService: time: 1567524515727, uid: 10097, method_id: 6001 Action_getActiveNetworkInfo
09-03 23:28:36.176 29458 29458 I chatty  : uid=10097(com.tencent.FileManager) identical 3 lines
09-03 23:28:36.283  1174  7865 D AntiVirusService: time: 1567524516283, uid: 10097, method_id: 6001 Action_getActiveNetworkInfo
09-03 23:28:36.286  1174  7865 I WifiService: getConnectionInfo uid=10097
09-03 23:28:36.287  1174 11770 I WifiService: getConnectionInfo uid=10097
09-03 23:28:36.287  1174 11770 D AntiVirusService: time: 1567524516287, uid: 10097, method_id: 6001 Action_getActiveNetworkInfo
09-03 23:28:36.288  1174  7865 I WifiService: getConnectionInfo uid=10097
09-03 23:28:36.288  1174 11770 I WifiService: getConnectionInfo uid=10097
09-03 23:28:36.289  1174  7865 I WifiService: getConnectionInfo uid=10097
09-03 23:28:36.290  1174  7865 I WifiService: getConnectionInfo uid=10097
09-03 23:28:36.290  1174  2690 I WifiService: getConnectionInfo uid=10097
09-03 23:28:36.291  1174  2690 I WifiService: getConnectionInfo uid=10097
09-03 23:28:36.308  1174  2690 D AntiVirusService: time: 1567524516308, uid: 10097, method_id: 1005 Action_finishActivity
09-03 23:28:36.316  1174  2690 I WifiService: getConnectionInfo uid=10097
09-03 23:28:36.317  1174  2690 I WifiService: getConnectionInfo uid=10097
09-03 23:28:36.317  1174  2690 I WifiService: getConnectionInfo uid=10097
09-03 23:28:36.318  1174  2690 I WifiService: getConnectionInfo uid=10097
09-03 23:28:36.318  1174  7865 I WifiService: getConnectionInfo uid=10097
09-03 23:28:36.319  1174  7865 I WifiService: getConnectionInfo uid=10097
09-03 23:28:36.319  1174  7865 I WifiService: getConnectionInfo uid=10097
09-03 23:28:36.320  1174  7865 I WifiService: getConnectionInfo uid=10097
09-03 23:28:36.320  1174  7865 I WifiService: getConnectionInfo uid=10097
09-03 23:28:36.321  1174  7865 I WifiService: getConnectionInfo uid=10097
09-03 23:28:36.322  1174  7865 I WifiService: getConnectionInfo uid=10097
09-03 23:28:36.322  1174  7865 I WifiService: getConnectionInfo uid=10097
09-03 23:28:36.322  1174  7865 I WifiService: getConnectionInfo uid=10097
09-03 23:28:36.323  1174  7865 I WifiService: getConnectionInfo uid=10097
09-03 23:28:36.323  1174  7865 I WifiService: getConnectionInfo uid=10097
09-03 23:28:36.323  1174  7865 I WifiService: getConnectionInfo uid=10097
09-03 23:28:36.323  1174  7865 I WifiService: getConnectionInfo uid=10097
09-03 23:28:36.324  1174  7865 I WifiService: getConnectionInfo uid=10097
09-03 23:28:36.324  1174  7865 I WifiService: getConnectionInfo uid=10097
09-03 23:28:36.324  1174  7865 I WifiService: getConnectionInfo uid=10097
09-03 23:28:36.325  1174  7865 I WifiService: getConnectionInfo uid=10097
09-03 23:28:36.325  1174  7865 I WifiService: getConnectionInfo uid=10097
09-03 23:28:36.325  1174  7865 I WifiService: getConnectionInfo uid=10097
09-03 23:28:36.326  1174  7865 I WifiService: getConnectionInfo uid=10097
09-03 23:28:36.326  1174  7865 I WifiService: getConnectionInfo uid=10097
09-03 23:28:36.326  1174  7865 I WifiService: getConnectionInfo uid=10097
09-03 23:28:36.326  1174  2690 D AntiVirusService: time: 1567524516326, uid: 10097, method_id: 6001 Action_getActiveNetworkInfo
09-03 23:28:36.327  1174  2690 D AntiVirusService: time: 1567524516327, uid: 10097, method_id: 6001 Action_getActiveNetworkInfo
09-03 23:28:36.327  1174  7865 I WifiService: getConnectionInfo uid=10097
09-03 23:28:36.327  1174  7865 I WifiService: getConnectionInfo uid=10097
09-03 23:28:36.328  1174  2690 I WifiService: getConnectionInfo uid=10097
09-03 23:28:36.329  1174  7865 I WifiService: getConnectionInfo uid=10097
09-03 23:28:36.330  1174  7865 I WifiService: getConnectionInfo uid=10097
09-03 23:28:36.330  1174  7865 I WifiService: getConnectionInfo uid=10097
09-03 23:28:36.331  1174  2690 I WifiService: getConnectionInfo uid=10097
09-03 23:28:36.327  1174  2690 D AntiVirusService: time: 1567524516327, uid: 10097, method_id: 6001 Action_getActiveNetworkInfo
09-03 23:28:36.331  1174 11770 D AntiVirusService: time: 1567524516331, uid: 10097, method_id: 1017 Action_registerReceiver Param: , IntentFilter-action_1: android.intent.action.APPLICATION_RESTRICTIONS_CHANGED
09-03 23:28:36.332  1174  2690 I WifiService: getConnectionInfo uid=10097
09-03 23:28:36.333  1174  2690 I WifiService: getConnectionInfo uid=10097
09-03 23:28:36.333  1174  2690 I WifiService: getConnectionInfo uid=10097
09-03 23:28:36.334  1174  2690 I WifiService: getConnectionInfo uid=10097
09-03 23:28:36.335  1174 11770 D AntiVirusService: time: 1567524516335, uid: 10097, method_id: 1002 Action_bindService
09-03 23:28:36.335  1174  7865 I WifiService: getConnectionInfo uid=10097
09-03 23:28:36.336  1174  7865 I WifiService: getConnectionInfo uid=10097
09-03 23:28:36.337  1174  7865 I WifiService: getConnectionInfo uid=10097
09-03 23:28:36.338  1174  7865 I WifiService: getConnectionInfo uid=10097
09-03 23:28:36.339  1174  7865 D AntiVirusService: time: 1567524516339, uid: 10097, method_id: 6001 Action_getActiveNetworkInfo
09-03 23:28:36.339  1174  7917 I WifiService: getConnectionInfo uid=10097
09-03 23:28:36.340  1174  7917 I WifiService: getConnectionInfo uid=10097
09-03 23:28:36.340  1174  7865 I WifiService: getConnectionInfo uid=10097
09-03 23:28:36.339  1174  7865 D AntiVirusService: time: 1567524516339, uid: 10097, method_id: 6001 Action_getActiveNetworkInfo
09-03 23:28:36.346  1174  1213 I zygote64: Successfully killed process cgroup uid 10097 pid 29485 in 0ms
09-03 23:28:36.347  1174  7865 I WifiService: getConnectionInfo uid=10097
09-03 23:28:36.347  1174 11770 D AntiVirusService: time: 1567524516347, uid: 10097, method_id: 1002 Action_bindService
09-03 23:28:36.348  1174  3289 I WifiService: getConnectionInfo uid=10097
09-03 23:28:36.349  1174  3289 I WifiService: getConnectionInfo uid=10097
09-03 23:28:36.349  1174  3289 I WifiService: getConnectionInfo uid=10097
09-03 23:28:36.349  1174  3289 I WifiService: getConnectionInfo uid=10097
09-03 23:28:36.350  1174  3289 I WifiService: getConnectionInfo uid=10097
09-03 23:28:36.350  1174  3289 I WifiService: getConnectionInfo uid=10097
09-03 23:28:36.350  1174  3289 I WifiService: getConnectionInfo uid=10097
09-03 23:28:36.354  1174 11770 I WifiService: getConnectionInfo uid=10097
09-03 23:28:36.355  1174 11770 I WifiService: getConnectionInfo uid=10097
09-03 23:28:36.361  1174  2850 D AntiVirusService: time: 1567524516361, uid: 10097, method_id: 8005 Action_getApplicationRestrictions
09-03 23:28:36.363  1174 11770 D AntiVirusService: time: 1567524516363, uid: 10097, method_id: 1017 Action_registerReceiver Param: , IntentFilter-action_1: android.intent.action.PROXY_CHANGE
09-03 23:28:36.365  1174 11770 D AntiVirusService: time: 1567524516365, uid: 10097, method_id: 1017 Action_registerReceiver Param: , IntentFilter-action_1: android.net.conn.CONNECTIVITY_CHANGE
09-03 23:28:36.365  1174  1211 W BroadcastQueue: Permission Denial: broadcasting Intent { act=android.net.conn.CONNECTIVITY_CHANGE flg=0x4000010 (has extras) } from null (pid=-1, uid=-1) requires com.tencent.FileManager.logsdk_broadcast due to registered receiver BroadcastFilter{391f0da u0 ReceiverList{6adca85 29458 com.tencent.FileManager/10097/u0 remote:80da3fc}}
09-03 23:28:36.374  1174 11770 D AntiVirusService: time: 1567524516374, uid: 10097, method_id: 6001 Action_getActiveNetworkInfo
09-03 23:28:36.375  1174 11770 I WifiService: getConnectionInfo uid=10097
09-03 23:28:36.378  1174  2850 D AntiVirusService: time: 1567524516378, uid: 10097, method_id: 6001 Action_getActiveNetworkInfo
09-03 23:28:36.379  1174  2850 D AntiVirusService: time: 1567524516379, uid: 10097, method_id: 1017 Action_registerReceiver Param: , IntentFilter-action_1: android.net.conn.CONNECTIVITY_CHANGE
09-03 23:28:36.427  1174 11770 D AntiVirusService: time: 1567524516427, uid: 10097, method_id: 6001 Action_getActiveNetworkInfo
09-03 23:28:36.428  1174 11770 D AntiVirusService: time: 1567524516427, uid: 10097, method_id: 1017 Action_registerReceiver Param: , IntentFilter-action_1: android.net.conn.CONNECTIVITY_CHANGE
09-03 23:28:36.431  1174  2850 D AntiVirusService: time: 1567524516431, uid: 10097, method_id: 6001 Action_getActiveNetworkInfo
09-03 23:28:36.457  1174  2850 D AntiVirusService: time: 1567524516457, uid: 10097, method_id: 1003007 Action_broadcastIntent_installshortcut Param: , intent: Intent { act=com.android.launcher.action.INSTALL_SHORTCUT (has extras) }
09-03 23:28:36.462  1174 11770 D AntiVirusService: time: 1567524516462, uid: 10097, method_id: 6001 Action_getActiveNetworkInfo
09-03 23:28:36.464  1174 11770 D AntiVirusService: time: 1567524516464, uid: 10097, method_id: 15005 Action_getIccSerialNumberForSubscriber
09-03 23:28:36.510  1174 11770 D AntiVirusService: time: 1567524516509, uid: 10097, method_id: 6001 Action_getActiveNetworkInfo
09-03 23:28:36.513  1174 11770 D AntiVirusService: time: 1567524516513, uid: 10097, method_id: 6001 Action_getActiveNetworkInfo
09-03 23:28:36.514  1174 11770 D AntiVirusService: time: 1567524516514, uid: 10097, method_id: 6001 Action_getActiveNetworkInfo
09-03 23:28:36.514  1174  2850 D AntiVirusService: time: 1567524516514, uid: 10097, method_id: 6001 Action_getActiveNetworkInfo
09-03 23:28:36.514  1174 11770 I WifiService: getConnectionInfo uid=10097
09-03 23:28:36.515  1174 11770 I WifiService: getConnectionInfo uid=10097
09-03 23:28:36.520  1174 11770 D AntiVirusService: time: 1567524516520, uid: 10097, method_id: 6001 Action_getActiveNetworkInfo
09-03 23:28:36.528  1174  2850 D AntiVirusService: time: 1567524516528, uid: 10097, method_id: 1003 Action_broadcastIntent Param: , intent: Intent { act=com.tencent.QQBrowser.action.weather.REFRESH (has extras) }
09-03 23:28:36.529  1174  1211 W BroadcastQueue: Permission Denial: broadcasting Intent { act=com.tencent.QQBrowser.action.weather.REFRESH flg=0x10 (has extras) } from com.tencent.FileManager (pid=29458, uid=10097) requires com.tencent.mtt.broadcast due to registered receiver BroadcastFilter{e37b602 u0 ReceiverList{ff84b4d 29458 com.tencent.FileManager/10097/u0 remote:7320ae4}}
09-03 23:28:36.530  1174  2850 D AntiVirusService: time: 1567524516530, uid: 10097, method_id: 6001 Action_getActiveNetworkInfo
09-03 23:28:36.531  1174  2850 D AntiVirusService: time: 1567524516531, uid: 10097, method_id: 6001 Action_getActiveNetworkInfo
09-03 23:28:36.532  1174  2850 D AntiVirusService: time: 1567524516532, uid: 10097, method_id: 6001 Action_getActiveNetworkInfo
09-03 23:28:36.532  1174 11770 I WifiService: getConnectionInfo uid=10097
09-03 23:28:36.533  1174 11770 I WifiService: getConnectionInfo uid=10097
09-03 23:28:36.539  1174 11770 D AntiVirusService: time: 1567524516539, uid: 10097, method_id: 6001 Action_getActiveNetworkInfo
